H8S,H8/300 SERIES C/C++ COMPILER (V.6.02.01.000)   28-Jan-2025 15:00:37 PAGE   1

************ SOURCE LISTING ************

      Line Pi 0----+----1----+----2----+----3----+----4----+----5----+----6----+----7----+----8----+----9----+----0----+----1----+--
FILE NAME: C:\Users\s4exp\Downloads\soft2_test\soft2\soft2\soft2\Soft2\bios_step_output.c
         1     /****************************************************************************************************************/
         2     /*  FILE        : bios_step_output.c                                                                            */
         3     /*  DATE        :Tue, Jan 17, 2012                                                                              */
         4     /*  DESCRIPTION :AGVのステッピングモータに励磁出力するモジュール                                                */
         5     /*  CPU TYPE    :H8/3052F                                                                                       */
         6     /****************************************************************************************************************/
         7     #include    "machine.h"                             /* 組込み関数の定義                                         */
         8     #include    "reg3052.h"                             /* H8/3052Fの内蔵モジュール定義                             */
         9     #include    "agvdef.h"                              /* 無人搬送車のデバイス定義                                 */
        10     #include    <stdio.h>
        11     
        12     /****************************************************************************************************************/
        13     /*  bios_step_output関数                                                                                        */
        14     /****************************************************************************************************************/
        15     void bios_step_output (void)
        16     {
        17         static int step_count = 0;
        18     
        19         unsigned char phase[4] = {0x09, 0x0c, 0x06, 0x02}; //モータの回転速度をphaseに入れる
        20         
        21         STEP_PORT = phase[step_count]; //モータの回転速度をモータに出力
        22         step_count++; //モータの回転速度を、phaseをインシデントすることで、値を変える。
        23     
        24         LED_PORT = step_count;
        25         if (step_count == 4) {
        26             step_count = 0;
        27         }
        28     }


H8S,H8/300 SERIES C/C++ COMPILER (V.6.02.01.000)   28-Jan-2025 15:00:37 PAGE   1

******* SECTION SIZE INFORMATION *******

PROGRAM  SECTION(P):                                0x0000004E Byte(s)
CONSTANT SECTION(C):                                0x00000000 Byte(s)
DATA     SECTION(D):                                0x00000006 Byte(s)
BSS      SECTION(B):                                0x00000000 Byte(s)

TOTAL PROGRAM  SECTION: 0x0000004E Byte(s)
TOTAL CONSTANT SECTION: 0x00000000 Byte(s)
TOTAL DATA     SECTION: 0x00000006 Byte(s)
TOTAL BSS      SECTION: 0x00000000 Byte(s)

    TOTAL PROGRAM SIZE: 0x00000054 Byte(s)



** ASSEMBLER/LINKAGE EDITOR LIMITS INFORMATION **

NUMBER OF EXTERNAL REFERENCE  SYMBOLS:        3 
NUMBER OF EXTERNAL DEFINITION SYMBOLS:        1 
NUMBER OF INTERNAL/EXTERNAL SYMBOLS:          7 



**** COMPILE CONDITION INFORMATION ****

COMMAND LINE: -cpu=300HA:20 -object=C:\Users\s4exp\Downloads\soft2_test\soft2\soft2\soft2\Soft2\Debug\bios_step_output.obj -debug -list=C:\Users\s4exp\Downloads\soft2_test\soft2\soft2\soft2\Soft2\Debug\bios_step_output.lst -show=tab=4 -chgincpath C:\Users\s4exp\Downloads\soft2_test\soft2\soft2\soft2\Soft2\bios_step_output.c -lang=c -nologo
CPU         : 300ha:20
