Optimizing Linkage Editor (V.9.04.01.000)         22-Jan-2025 18:16:13

*** Options ***

-subcommand=C:\Users\s4exp\Desktop\R7a_team5\Soft2\Debug\Soft2.hlk
-noprelink
-rom=D=R
-nomessage
-list="C:\Users\s4exp\Desktop\R7a_team5\Soft2\Debug\Soft2.map"
-show=symbol,reference,xreference,total_size
-nooptimize
-start=P,C,C$DSEC,C$BSEC,D/080000,B,R/090000,DVectTable/0FE030,S/0FFE00
-nologo
-input="C:\Users\s4exp\Desktop\R7a_team5\Soft2\Debug\bios_ad_input.obj"
-input="C:\Users\s4exp\Desktop\R7a_team5\Soft2\Debug\bios_beep_output.obj"
-input="C:\Users\s4exp\Desktop\R7a_team5\Soft2\Debug\bios_da_output.obj"
-input="C:\Users\s4exp\Desktop\R7a_team5\Soft2\Debug\bios_led_output.obj"
-input="C:\Users\s4exp\Desktop\R7a_team5\Soft2\Debug\bios_sensor_input.obj"
-input="C:\Users\s4exp\Desktop\R7a_team5\Soft2\Debug\bios_step_output.obj"
-input="C:\Users\s4exp\Desktop\R7a_team5\Soft2\Debug\bios_sw_input.obj"
-input="C:\Users\s4exp\Desktop\R7a_team5\Soft2\Debug\dbsct.obj"
-input="C:\Users\s4exp\Desktop\R7a_team5\Soft2\Debug\itask_control.obj"
-input="C:\Users\s4exp\Desktop\R7a_team5\Soft2\Debug\itask_input.obj"
-input="C:\Users\s4exp\Desktop\R7a_team5\Soft2\Debug\itask_motor.obj"
-input="C:\Users\s4exp\Desktop\R7a_team5\Soft2\Debug\main.obj"
-input="C:\Users\s4exp\Desktop\R7a_team5\Soft2\Debug\sbrk.obj"
-input="C:\Users\s4exp\Desktop\R7a_team5\Soft2\Debug\startup.obj"
-input="C:\Users\s4exp\Desktop\R7a_team5\Soft2\Debug\VectTable.obj"
-library="C:\Users\s4exp\Desktop\R7a_team5\Soft2\Debug\Soft2.lib"
-output="C:\Users\s4exp\Desktop\R7a_team5\Soft2\Debug\Soft2.abs"
-end

*** Error information ***

*** Mapping List ***

SECTION                            START      END         SIZE   ALIGN

P
                                  00080000  000805b7       5b8   2
C
                                  000805b8  000808d9       322   2
C$DSEC
                                  000808da  000808e5         c   2
C$BSEC
                                  000808e6  000808ed         8   2
D
                                  000808ee  00080901        14   2
B
                                  00090000  00090429       42a   2
R
                                  0009042a  0009043d        14   2
DVectTable
                                  000fe030  000fe123        f4   2
S
                                  000ffe00  000ffeff       100   2

*** Total Section Size ***

RAMDATA SECTION:  0000053e Byte(s)
ROMDATA SECTION:  0000043e Byte(s)
PROGRAM SECTION:  000005b8 Byte(s)

*** Symbol List ***

SECTION=
FILE=                               START        END    SIZE
  SYMBOL                            ADDR        SIZE    INFO      COUNTS  OPT

SECTION=P
FILE=C:\Users\s4exp\Desktop\R7a_team5\Soft2\Debug\bios_ad_input.obj
                                  00080000  0008002b        2c
  _bios_ad_input
                                  00080000        2c   func ,g         1
FILE=C:\Users\s4exp\Desktop\R7a_team5\Soft2\Debug\bios_beep_output.obj
                                  0008002c  00080047        1c
  _bios_beep_output
                                  0008002c        1c   func ,g         0
FILE=C:\Users\s4exp\Desktop\R7a_team5\Soft2\Debug\bios_da_output.obj
                                  00080048  0008004f         8
  _bios_da_output
                                  00080048         8   func ,g         1
FILE=C:\Users\s4exp\Desktop\R7a_team5\Soft2\Debug\bios_led_output.obj
                                  00080050  00080057         8
  _bios_led_output
                                  00080050         8   func ,g         1
FILE=C:\Users\s4exp\Desktop\R7a_team5\Soft2\Debug\bios_sensor_input.obj
                                  00080058  00080061         a
  _bios_sensor_input
                                  00080058         a   func ,g         4
FILE=C:\Users\s4exp\Desktop\R7a_team5\Soft2\Debug\bios_step_output.obj
                                  00080062  000800af        4e
  _bios_step_output
                                  00080062        4e   func ,g         3
FILE=C:\Users\s4exp\Desktop\R7a_team5\Soft2\Debug\bios_sw_input.obj
                                  000800b0  000800b7         8
  _bios_sw_input
                                  000800b0         8   func ,g         4
FILE=C:\Users\s4exp\Desktop\R7a_team5\Soft2\Debug\itask_control.obj
                                  000800b8  000802bb       204
  _itask_control
                                  000800b8        de   func ,g         1
  _agv_state
                                  00080196        80   func ,g         1
  _cal_sensor_position
                                  00080216        76   func ,g         1
  _handle_control
                                  0008028c        30   func ,g         1
FILE=C:\Users\s4exp\Desktop\R7a_team5\Soft2\Debug\itask_input.obj
                                  000802bc  00080363        a8
  _itask_input
                                  000802bc        a8   func ,g         2
FILE=C:\Users\s4exp\Desktop\R7a_team5\Soft2\Debug\itask_motor.obj
                                  00080364  0008040f        ac
  _itask_motor
                                  00080364        ac   func ,g         1
FILE=C:\Users\s4exp\Desktop\R7a_team5\Soft2\Debug\main.obj
                                  00080410  00080431        22
  _agv_init
                                  00080410         2   func ,g         0
  _LED
                                  00080412         2   func ,g         0
  _main
                                  00080414        1c   func ,g         1
  _main_beep
                                  00080430         2   func ,g         1
FILE=C:\Users\s4exp\Desktop\R7a_team5\Soft2\Debug\sbrk.obj
                                  00080432  00080463        32
  _sbrk
                                  00080432        32   func ,g         0
FILE=C:\Users\s4exp\Desktop\R7a_team5\Soft2\Debug\startup.obj
                                  00080464  00080471         e
  _PowerON_Reset
                                  00080464         e   entry,g        39
FILE=mvn3
                                  00080472  000804f1        80
  $MVN$3
                                  00080472         0   none ,g         1
  
                                  00080490         0   none ,l         0
  
                                  0008049c         0   none ,l         0
  
                                  000804b0         0   none ,l         0
  
                                  000804ba         0   none ,l         0
  
                                  000804be         0   none ,l         0
  
                                  000804cc         0   none ,l         0
  
                                  000804d2         0   none ,l         0
  
                                  000804d6         0   none ,l         0
  
                                  000804de         0   none ,l         0
FILE=spregld3
                                  000804f2  00080513        22
  $sp_regld$3
                                  000804f2         0   none ,g         2
FILE=spregsv3
                                  00080514  00080535        22
  $sp_regsv$3
                                  00080514         0   none ,g         6
FILE=sprgld23
                                  00080536  0008054b        16
  $spregld2$3
                                  00080536         0   none ,g         4
FILE=_initsct
                                  0008054c  000805b7        6c
  __INITSCT
                                  0008054c         0   none ,g         1
  
                                  0008056a         0   none ,l         0
  
                                  00080574         0   none ,l         0
  
                                  00080576         0   none ,l         0
  
                                  0008057a         0   none ,l         0
  
                                  0008058c         0   none ,l         0
  
                                  0008059a         0   none ,l         0
  
                                  000805a0         0   none ,l         0
  
                                  000805a4         0   none ,l         0

SECTION=C
FILE=C:\Users\s4exp\Desktop\R7a_team5\Soft2\Debug\itask_motor.obj
                                  000805b8  000808d9       322
  _ACC_TABLE
                                  000805b8       322   data ,g         2

SECTION=C$DSEC
FILE=C:\Users\s4exp\Desktop\R7a_team5\Soft2\Debug\dbsct.obj
                                  000808da  000808e5         c
  _DTBL
                                  000808da         c   data ,l         0

SECTION=C$BSEC
FILE=C:\Users\s4exp\Desktop\R7a_team5\Soft2\Debug\dbsct.obj
                                  000808e6  000808ed         8
  _BTBL
                                  000808e6         8   data ,l         0

SECTION=D
FILE=C:\Users\s4exp\Desktop\R7a_team5\Soft2\Debug\bios_step_output.obj
                                  000808ee  000808f3         6
FILE=C:\Users\s4exp\Desktop\R7a_team5\Soft2\Debug\itask_input.obj
                                  000808f4  000808f7         4
FILE=C:\Users\s4exp\Desktop\R7a_team5\Soft2\Debug\itask_motor.obj
                                  000808f8  000808f9         2
FILE=C:\Users\s4exp\Desktop\R7a_team5\Soft2\Debug\main.obj
                                  000808fa  000808fd         4
FILE=C:\Users\s4exp\Desktop\R7a_team5\Soft2\Debug\sbrk.obj
                                  000808fe  00080901         4

SECTION=B
FILE=C:\Users\s4exp\Desktop\R7a_team5\Soft2\Debug\bios_step_output.obj
                                  00090000  00090001         2
  _Nphase$58
                                  00090000         2   data ,l         1
FILE=C:\Users\s4exp\Desktop\R7a_team5\Soft2\Debug\itask_input.obj
                                  00090002  00090004         3
  _sw_data0$61
                                  00090002         1   data ,l         2
  _sw_data1$62
                                  00090003         1   data ,l         2
  _sw_data2$63
                                  00090004         1   data ,l         2
FILE=C:\Users\s4exp\Desktop\R7a_team5\Soft2\Debug\main.obj
                                  00090006  00090009         4
  _SW_DATA
                                  00090006         1   data ,g         3
  _SENS_DATA
                                  00090007         1   data ,g         4
  _A
                                  00090008         1   data ,g         2
  _SENS_ERROR
                                  00090009         1   data ,g         2
FILE=C:\Users\s4exp\Desktop\R7a_team5\Soft2\Debug\sbrk.obj
                                  0009000a  00090429       420
  _heap_area
                                  0009000a       420   data ,l         2

SECTION=R
FILE=C:\Users\s4exp\Desktop\R7a_team5\Soft2\Debug\bios_step_output.obj
                                  0009042a  0009042f         6
  _step$55
                                  0009042a         2   data ,l         1
FILE=C:\Users\s4exp\Desktop\R7a_team5\Soft2\Debug\itask_input.obj
                                  00090430  00090433         4
  _i$64
                                  00090430         2   data ,l         1
  _j$65
                                  00090432         2   data ,l         1
FILE=C:\Users\s4exp\Desktop\R7a_team5\Soft2\Debug\itask_motor.obj
                                  00090434  00090435         2
  _ACC_STATE
                                  00090434         2   data ,g         1
FILE=C:\Users\s4exp\Desktop\R7a_team5\Soft2\Debug\main.obj
                                  00090436  00090439         4
  _count
                                  00090436         2   data ,g         0
  _MOTOR_STATE
                                  00090438         1   data ,g         3
  _AGV_STATE
                                  00090439         1   data ,g         3
FILE=C:\Users\s4exp\Desktop\R7a_team5\Soft2\Debug\sbrk.obj
                                  0009043a  0009043d         4
  _brk
                                  0009043a         4   data ,l         2

SECTION=DVectTable
FILE=C:\Users\s4exp\Desktop\R7a_team5\Soft2\Debug\VectTable.obj
                                  000fe030  000fe123        f4
  _IntVect
                                  000fe030        f4   data ,g         0

SECTION=S
FILE=C:\Users\s4exp\Desktop\R7a_team5\Soft2\Debug\startup.obj
                                  000ffe00  000ffeff       100

*** Delete Symbols ***

SYMBOL                                SIZE    INFO

*** Variable Accessible with Abs8 ***

SYMBOL                                SIZE    COUNTS  OPTIMIZE

*** Variable Accessible with Abs16 ***

SYMBOL                                SIZE    COUNTS  OPTIMIZE

*** Function Call ***

SYMBOL                              COUNTS  OPTIMIZE

*** Cross Reference List ***

No   Unit Name   Global.Symbol   Location External Infomation
---- ----------- --------------- -------- ---------------------
0001 bios_ad_input
     SECTION=P
                 _bios_ad_input
                                 00080000 0009(00080299:P)
0002 bios_beep_output
     SECTION=P
                 _bios_beep_output
                                 0008002c
0003 bios_da_output
     SECTION=P
                 _bios_da_output
                                 00080048 0009(000802b3:P)
0004 bios_led_output
     SECTION=P
                 _bios_led_output
                                 00080050 0012(0008042b:P)
0005 bios_sensor_input
     SECTION=P
                 _bios_sensor_input
                                 00080058 0009(00080113:P)
                                          0010(00080329:P)
                                          0010(00080331:P)
                                          0010(0008033f:P)
0006 bios_step_output
     SECTION=P
                 _bios_step_output
                                 00080062 0011(00080395:P)
                                          0011(000803cf:P)
                                          0011(000803dd:P)
     SECTION=D
     SECTION=B
     SECTION=R
0007 bios_sw_input
     SECTION=P
                 _bios_sw_input
                                 000800b0 0010(000802d1:P)
                                          0010(000802e1:P)
                                          0010(000802ed:P)
                                          0010(0008031f:P)
0008 dbsct
     SECTION=C$DSEC
     SECTION=C$BSEC
     SECTION=D
     SECTION=R
     SECTION=B
     SECTION=R
0009 itask_control
     SECTION=P
                 _itask_control
                                 000800b8 0015(000fe0b0:DVectTable)
                 _agv_state
                                 00080196 0009(000800d7:P)
                 _cal_sensor_position
                                 00080216 0009(0008014b:P)
                 _handle_control
                                 0008028c 0009(0008014f:P)
0010 itask_input
     SECTION=P
                 _itask_input
                                 000802bc 0012(0008041f:P)
                                          0015(000fe0c0:DVectTable)
     SECTION=D
     SECTION=B
     SECTION=R
0011 itask_motor
     SECTION=P
                 _itask_motor
                                 00080364 0015(000fe0a0:DVectTable)
     SECTION=C
                 _ACC_TABLE
                                 000805b8 0011(000803a3:P)
                                          0011(000803eb:P)
     SECTION=R
                 _ACC_STATE
                                 00090434 0011(00080378:P)
     SECTION=D
0012 main
     SECTION=P
                 _agv_init
                                 00080410
                 _LED
                                 00080412
                 _main
                                 00080414 0014(0008046f:P)
                 _main_beep
                                 00080430 0015(000fe0d0:DVectTable)
     SECTION=B
                 _SW_DATA
                                 00090006 0009(000801a3:P)
                                          0009(000801b7:P)
                                          0010(00080325:P)
                 _SENS_DATA
                                 00090007 0009(00080239:P)
                                          0010(00080337:P)
                                          0010(00080359:P)
                                          0012(00080425:P)
                 _A
                                 00090008 0009(000800c6:P)
                                          0009(00080198:P)
                 _SENS_ERROR
                                 00090009 0009(000800df:P)
                                          0009(00080165:P)
     SECTION=R
                 _count
                                 00090436
                 _MOTOR_STATE
                                 00090438 0009(000800cc:P)
                                          0009(000801cb:P)
                                          0011(00080372:P)
                 _AGV_STATE
                                 00090439 0009(000800d2:P)
                                          0009(000801ff:P)
                                          0011(000803bf:P)
     SECTION=D
0013 sbrk
     SECTION=P
                 _sbrk
                                 00080432
     SECTION=D
     SECTION=B
     SECTION=R
0014 startup
     SECTION=P
                 _PowerON_Reset
                                 00080464 0015(000fe030:DVectTable)
                                          0015(000fe034:DVectTable)
                                          0015(000fe038:DVectTable)
                                          0015(000fe03c:DVectTable)
                                          0015(000fe040:DVectTable)
                                          0015(000fe044:DVectTable)
                                          0015(000fe048:DVectTable)
                                          0015(000fe04c:DVectTable)
                                          0015(000fe050:DVectTable)
                                          0015(000fe054:DVectTable)
                                          0015(000fe058:DVectTable)
                                          0015(000fe05c:DVectTable)
                                          0015(000fe060:DVectTable)
                                          0015(000fe064:DVectTable)
                                          0015(000fe068:DVectTable)
                                          0015(000fe06c:DVectTable)
                                          0015(000fe070:DVectTable)
                                          0015(000fe074:DVectTable)
                                          0015(000fe078:DVectTable)
                                          0015(000fe07c:DVectTable)
                                          0015(000fe080:DVectTable)
                                          0015(000fe084:DVectTable)
                                          0015(000fe088:DVectTable)
                                          0015(000fe08c:DVectTable)
                                          0015(000fe090:DVectTable)
                                          0015(000fe094:DVectTable)
                                          0015(000fe098:DVectTable)
                                          0015(000fe09c:DVectTable)
                                          0015(000fe0a4:DVectTable)
                                          0015(000fe0a8:DVectTable)
                                          0015(000fe0ac:DVectTable)
                                          0015(000fe0b4:DVectTable)
                                          0015(000fe0b8:DVectTable)
                                          0015(000fe0bc:DVectTable)
                                          0015(000fe0c4:DVectTable)
                                          0015(000fe0c8:DVectTable)
                                          0015(000fe0cc:DVectTable)
                                          0015(000fe0d4:DVectTable)
                                          0015(000fe0d8:DVectTable)
                                          0015(000fe0dc:DVectTable)
                                          0015(000fe0e0:DVectTable)
                                          0015(000fe0e4:DVectTable)
                                          0015(000fe0e8:DVectTable)
                                          0015(000fe0ec:DVectTable)
                                          0015(000fe0f0:DVectTable)
                                          0015(000fe0f4:DVectTable)
                                          0015(000fe0f8:DVectTable)
                                          0015(000fe0fc:DVectTable)
                                          0015(000fe100:DVectTable)
                                          0015(000fe104:DVectTable)
                                          0015(000fe108:DVectTable)
                                          0015(000fe10c:DVectTable)
                                          0015(000fe110:DVectTable)
                                          0015(000fe114:DVectTable)
                                          0015(000fe118:DVectTable)
                                          0015(000fe11c:DVectTable)
                                          0015(000fe120:DVectTable)
     SECTION=S
0015 VectTable
     SECTION=DVectTable
                 _IntVect
                                 000fe030
0016 mvn3
     SECTION=P
                 $MVN$3
                                 00080472 0006(00080077:P)
0017 spregld3
     SECTION=P
                 $sp_regld$3
                                 000804f2 0009(00080191:P)
                                          0011(0008040b:P)
0018 spregsv3
     SECTION=P
                 $sp_regsv$3
                                 00080514 0006(00080063:P)
                                          0009(000800b9:P)
                                          0009(00080217:P)
                                          0010(000802bd:P)
                                          0011(00080365:P)
                                          0013(00080433:P)
0019 sprgld23
     SECTION=P
                 $spregld2$3
                                 00080536 0006(000800ad:P)
                                          0009(00080289:P)
                                          0010(00080361:P)
                                          0013(00080461:P)
0020 _initsct
     SECTION=P
                 __INITSCT
                                 0008054c 0014(0008046b:P)
     SECTION=C$BSEC
     SECTION=C$DSEC
