Optimizing Linkage Editor (V.9.04.01.000)         28-Jan-2025 15:45:56

*** Options ***

-subcommand=C:\Users\s4exp\Downloads\soft2_test\soft2\soft2\soft2\Soft2\Debug\Soft2.hlk
-noprelink
-rom=D=R
-nomessage
-list="C:\Users\s4exp\Downloads\soft2_test\soft2\soft2\soft2\Soft2\Debug\Soft2.map"
-show=symbol,reference,xreference,total_size
-nooptimize
-start=P,C,C$DSEC,C$BSEC,D/080000,B,R/090000,DVectTable/0FE030,S/0FFE00
-nologo
-input="C:\Users\s4exp\Downloads\soft2_test\soft2\soft2\soft2\Soft2\Debug\bios_ad_input.obj"
-input="C:\Users\s4exp\Downloads\soft2_test\soft2\soft2\soft2\Soft2\Debug\bios_beep_output.obj"
-input="C:\Users\s4exp\Downloads\soft2_test\soft2\soft2\soft2\Soft2\Debug\bios_da_output.obj"
-input="C:\Users\s4exp\Downloads\soft2_test\soft2\soft2\soft2\Soft2\Debug\bios_led_output.obj"
-input="C:\Users\s4exp\Downloads\soft2_test\soft2\soft2\soft2\Soft2\Debug\bios_sensor_input.obj"
-input="C:\Users\s4exp\Downloads\soft2_test\soft2\soft2\soft2\Soft2\Debug\bios_step_output.obj"
-input="C:\Users\s4exp\Downloads\soft2_test\soft2\soft2\soft2\Soft2\Debug\bios_sw_input.obj"
-input="C:\Users\s4exp\Downloads\soft2_test\soft2\soft2\soft2\Soft2\Debug\dbsct.obj"
-input="C:\Users\s4exp\Downloads\soft2_test\soft2\soft2\soft2\Soft2\Debug\itask_control.obj"
-input="C:\Users\s4exp\Downloads\soft2_test\soft2\soft2\soft2\Soft2\Debug\itask_input.obj"
-input="C:\Users\s4exp\Downloads\soft2_test\soft2\soft2\soft2\Soft2\Debug\itask_motor.obj"
-input="C:\Users\s4exp\Downloads\soft2_test\soft2\soft2\soft2\Soft2\Debug\main.obj"
-input="C:\Users\s4exp\Downloads\soft2_test\soft2\soft2\soft2\Soft2\Debug\sbrk.obj"
-input="C:\Users\s4exp\Downloads\soft2_test\soft2\soft2\soft2\Soft2\Debug\startup.obj"
-input="C:\Users\s4exp\Downloads\soft2_test\soft2\soft2\soft2\Soft2\Debug\VectTable.obj"
-library="C:\Users\s4exp\Downloads\soft2_test\soft2\soft2\soft2\Soft2\Debug\Soft2.lib"
-output="C:\Users\s4exp\Downloads\soft2_test\soft2\soft2\soft2\Soft2\Debug\Soft2.abs"
-end

*** Error information ***

*** Mapping List ***

SECTION                            START      END         SIZE   ALIGN

P
                                  00080000  00080563       564   2
C
                                  00080564  0008056d         a   2
C$DSEC
                                  0008056e  00080579         c   2
C$BSEC
                                  0008057a  00080581         8   2
D
                                  00080582  0008059b        1a   2
B
                                  00090000  00090427       428   2
R
                                  00090428  00090441        1a   2
DVectTable
                                  000fe030  000fe123        f4   2
S
                                  000ffe00  000ffeff       100   2

*** Total Section Size ***

RAMDATA SECTION:  00000542 Byte(s)
ROMDATA SECTION:  0000012c Byte(s)
PROGRAM SECTION:  00000564 Byte(s)

*** Symbol List ***

SECTION=
FILE=                               START        END    SIZE
  SYMBOL                            ADDR        SIZE    INFO      COUNTS  OPT

SECTION=P
FILE=C:\Users\s4exp\Downloads\soft2_test\soft2\soft2\soft2\Soft2\Debug\bios_ad_input.obj
                                  00080000  00080001         2
  _bios_ad_input
                                  00080000         2   func ,g         1
FILE=C:\Users\s4exp\Downloads\soft2_test\soft2\soft2\soft2\Soft2\Debug\bios_beep_output.obj
                                  00080002  00080003         2
  _bios_beep_output
                                  00080002         2   func ,g         0
FILE=C:\Users\s4exp\Downloads\soft2_test\soft2\soft2\soft2\Soft2\Debug\bios_da_output.obj
                                  00080004  00080005         2
  _bios_da_output
                                  00080004         2   func ,g         3
FILE=C:\Users\s4exp\Downloads\soft2_test\soft2\soft2\soft2\Soft2\Debug\bios_led_output.obj
                                  00080006  00080007         2
  _bios_led_output
                                  00080006         2   func ,g         3
FILE=C:\Users\s4exp\Downloads\soft2_test\soft2\soft2\soft2\Soft2\Debug\bios_sensor_input.obj
                                  00080008  00080009         2
  _bios_sensor_input
                                  00080008         2   func ,g         4
FILE=C:\Users\s4exp\Downloads\soft2_test\soft2\soft2\soft2\Soft2\Debug\bios_step_output.obj
                                  0008000a  00080057        4e
  _bios_step_output
                                  0008000a        4e   func ,g         1
FILE=C:\Users\s4exp\Downloads\soft2_test\soft2\soft2\soft2\Soft2\Debug\bios_sw_input.obj
                                  00080058  00080059         2
  _bios_sw_input
                                  00080058         2   func ,g         4
FILE=C:\Users\s4exp\Downloads\soft2_test\soft2\soft2\soft2\Soft2\Debug\itask_control.obj
                                  0008005a  0008021d       1c4
  _itask_control
                                  0008005a         2   func ,g         0
  _agv_state
                                  0008005c       132   func ,g         0
  _cal_sensor_position
                                  0008018e        6a   func ,g         0
  _handle_control
                                  000801f8        26   func ,g         0
FILE=C:\Users\s4exp\Downloads\soft2_test\soft2\soft2\soft2\Soft2\Debug\itask_input.obj
                                  0008021e  000802d7        ba
  _itask_input
                                  0008021e        ba   func ,g         1
FILE=C:\Users\s4exp\Downloads\soft2_test\soft2\soft2\soft2\Soft2\Debug\itask_motor.obj
                                  000802d8  000802d9         2
  _itask_motor
                                  000802d8         2   func ,g         0
FILE=C:\Users\s4exp\Downloads\soft2_test\soft2\soft2\soft2\Soft2\Debug\main.obj
                                  000802da  000803dd       104
  _agv_init
                                  000802da        ba   func ,g         0
  _LED_interrupt
                                  00080394        3a   func ,g         1
  _main
                                  000803ce         e   func ,g         1
  _beep
                                  000803dc         2   func ,g         0
FILE=C:\Users\s4exp\Downloads\soft2_test\soft2\soft2\soft2\Soft2\Debug\sbrk.obj
                                  000803de  0008040f        32
  _sbrk
                                  000803de        32   func ,g         0
FILE=C:\Users\s4exp\Downloads\soft2_test\soft2\soft2\soft2\Soft2\Debug\startup.obj
                                  00080410  0008041d         e
  _PowerON_Reset
                                  00080410         e   entry,g        3b
FILE=mvn3
                                  0008041e  0008049d        80
  $MVN$3
                                  0008041e         0   none ,g         2
  
                                  0008043c         0   none ,l         0
  
                                  00080448         0   none ,l         0
  
                                  0008045c         0   none ,l         0
  
                                  00080466         0   none ,l         0
  
                                  0008046a         0   none ,l         0
  
                                  00080478         0   none ,l         0
  
                                  0008047e         0   none ,l         0
  
                                  00080482         0   none ,l         0
  
                                  0008048a         0   none ,l         0
FILE=spregld3
                                  0008049e  000804bf        22
  $sp_regld$3
                                  0008049e         0   none ,g         1
FILE=spregsv3
                                  000804c0  000804e1        22
  $sp_regsv$3
                                  000804c0         0   none ,g         5
FILE=sprgld23
                                  000804e2  000804f7        16
  $spregld2$3
                                  000804e2         0   none ,g         4
FILE=_initsct
                                  000804f8  00080563        6c
  __INITSCT
                                  000804f8         0   none ,g         1
  
                                  00080516         0   none ,l         0
  
                                  00080520         0   none ,l         0
  
                                  00080522         0   none ,l         0
  
                                  00080526         0   none ,l         0
  
                                  00080538         0   none ,l         0
  
                                  00080546         0   none ,l         0
  
                                  0008054c         0   none ,l         0
  
                                  00080550         0   none ,l         0

SECTION=C
FILE=C:\Users\s4exp\Downloads\soft2_test\soft2\soft2\soft2\Soft2\Debug\itask_motor.obj
                                  00080564  0008056d         a
  _ACC_TABLE
                                  00080564         a   data ,g         0

SECTION=C$DSEC
FILE=C:\Users\s4exp\Downloads\soft2_test\soft2\soft2\soft2\Soft2\Debug\dbsct.obj
                                  0008056e  00080579         c
  _DTBL
                                  0008056e         c   data ,l         0

SECTION=C$BSEC
FILE=C:\Users\s4exp\Downloads\soft2_test\soft2\soft2\soft2\Soft2\Debug\dbsct.obj
                                  0008057a  00080581         8
  _BTBL
                                  0008057a         8   data ,l         0

SECTION=D
FILE=C:\Users\s4exp\Downloads\soft2_test\soft2\soft2\soft2\Soft2\Debug\bios_step_output.obj
                                  00080582  00080587         6
FILE=C:\Users\s4exp\Downloads\soft2_test\soft2\soft2\soft2\Soft2\Debug\itask_control.obj
                                  00080588  0008058f         8
FILE=C:\Users\s4exp\Downloads\soft2_test\soft2\soft2\soft2\Soft2\Debug\itask_input.obj
                                  00080590  00080593         4
FILE=C:\Users\s4exp\Downloads\soft2_test\soft2\soft2\soft2\Soft2\Debug\main.obj
                                  00080594  00080596         3
FILE=C:\Users\s4exp\Downloads\soft2_test\soft2\soft2\soft2\Soft2\Debug\sbrk.obj
                                  00080598  0008059b         4

SECTION=B
FILE=C:\Users\s4exp\Downloads\soft2_test\soft2\soft2\soft2\Soft2\Debug\itask_control.obj
                                  00090000  00090001         2
  _i
                                  00090000         2   data ,g         1
FILE=C:\Users\s4exp\Downloads\soft2_test\soft2\soft2\soft2\Soft2\Debug\itask_input.obj
                                  00090002  00090004         3
  _sw_data0$59
                                  00090002         1   data ,l         2
  _sw_data1$60
                                  00090003         1   data ,l         2
  _sw_data2$61
                                  00090004         1   data ,l         2
FILE=C:\Users\s4exp\Downloads\soft2_test\soft2\soft2\soft2\Soft2\Debug\main.obj
                                  00090006  00090007         2
  _SW_DATA
                                  00090006         1   data ,g         2
  _SENS_DATA
                                  00090007         1   data ,g         3
FILE=C:\Users\s4exp\Downloads\soft2_test\soft2\soft2\soft2\Soft2\Debug\sbrk.obj
                                  00090008  00090427       420
  _heap_area
                                  00090008       420   data ,l         2

SECTION=R
FILE=C:\Users\s4exp\Downloads\soft2_test\soft2\soft2\soft2\Soft2\Debug\bios_step_output.obj
                                  00090428  0009042d         6
  _step_count$95
                                  00090428         2   data ,l         1
FILE=C:\Users\s4exp\Downloads\soft2_test\soft2\soft2\soft2\Soft2\Debug\itask_control.obj
                                  0009042e  00090435         8
FILE=C:\Users\s4exp\Downloads\soft2_test\soft2\soft2\soft2\Soft2\Debug\itask_input.obj
                                  00090436  00090439         4
  _i$62
                                  00090436         2   data ,l         1
  _j$63
                                  00090438         2   data ,l         1
FILE=C:\Users\s4exp\Downloads\soft2_test\soft2\soft2\soft2\Soft2\Debug\main.obj
                                  0009043a  0009043c         3
  _MOTOR_STATE
                                  0009043a         1   data ,g         3
  _AGV_STATE
                                  0009043b         1   data ,g         2
  _LED_FLAG$103
                                  0009043c         1   data ,l         1
FILE=C:\Users\s4exp\Downloads\soft2_test\soft2\soft2\soft2\Soft2\Debug\sbrk.obj
                                  0009043e  00090441         4
  _brk
                                  0009043e         4   data ,l         2

SECTION=DVectTable
FILE=C:\Users\s4exp\Downloads\soft2_test\soft2\soft2\soft2\Soft2\Debug\VectTable.obj
                                  000fe030  000fe123        f4
  _IntVect
                                  000fe030        f4   data ,g         0

SECTION=S
FILE=C:\Users\s4exp\Downloads\soft2_test\soft2\soft2\soft2\Soft2\Debug\startup.obj
                                  000ffe00  000ffeff       100

*** Delete Symbols ***

SYMBOL                                SIZE    INFO

*** Variable Accessible with Abs8 ***

SYMBOL                                SIZE    COUNTS  OPTIMIZE

*** Variable Accessible with Abs16 ***

SYMBOL                                SIZE    COUNTS  OPTIMIZE

*** Function Call ***

SYMBOL                              COUNTS  OPTIMIZE

*** Cross Reference List ***

No   Unit Name   Global.Symbol   Location External Infomation
---- ----------- --------------- -------- ---------------------
0001 bios_ad_input
     SECTION=P
                 _bios_ad_input
                                 00080000 0009(000801ff:P)
0002 bios_beep_output
     SECTION=P
                 _bios_beep_output
                                 00080002
0003 bios_da_output
     SECTION=P
                 _bios_da_output
                                 00080004 0009(00080217:P)
                                          0012(000802eb:P)
                                          0012(00080345:P)
0004 bios_led_output
     SECTION=P
                 _bios_led_output
                                 00080006 0012(000802e3:P)
                                          0012(0008033d:P)
                                          0012(000803b3:P)
0005 bios_sensor_input
     SECTION=P
                 _bios_sensor_input
                                 00080008 0009(000801af:P)
                                          0010(00080293:P)
                                          0010(0008029b:P)
                                          0010(000802a9:P)
0006 bios_step_output
     SECTION=P
                 _bios_step_output
                                 0008000a 0012(000803d7:P)
     SECTION=D
     SECTION=R
0007 bios_sw_input
     SECTION=P
                 _bios_sw_input
                                 00080058 0010(0008023b:P)
                                          0010(0008024b:P)
                                          0010(00080257:P)
                                          0010(00080289:P)
0008 dbsct
     SECTION=C$DSEC
     SECTION=C$BSEC
     SECTION=D
     SECTION=R
     SECTION=B
     SECTION=R
0009 itask_control
     SECTION=P
                 _itask_control
                                 0008005a
                 _agv_state
                                 0008005c
                 _cal_sensor_position
                                 0008018e
                 _handle_control
                                 000801f8
     SECTION=B
                 _i
                                 00090000 0009(0008019a:P)
     SECTION=D
     SECTION=R
0010 itask_input
     SECTION=P
                 _itask_input
                                 0008021e 0015(000fe0c0:DVectTable)
     SECTION=D
     SECTION=B
     SECTION=R
0011 itask_motor
     SECTION=P
                 _itask_motor
                                 000802d8
     SECTION=C
                 _ACC_TABLE
                                 00080564
0012 main
     SECTION=P
                 _agv_init
                                 000802da
                 _LED_interrupt
                                 00080394 0015(000fe0a0:DVectTable)
                 _main
                                 000803ce 0014(0008041b:P)
                 _beep
                                 000803dc
     SECTION=B
                 _SW_DATA
                                 00090006 0009(00080068:P)
                                          0010(0008028f:P)
                 _SENS_DATA
                                 00090007 0009(0008006e:P)
                                          0010(000802a1:P)
                                          0010(000802c3:P)
     SECTION=R
                 _MOTOR_STATE
                                 0009043a 0009(00080062:P)
                                          0012(000802df:P)
                                          0012(00080339:P)
                 _AGV_STATE
                                 0009043b 0009(00080074:P)
                                          0012(0008034d:P)
     SECTION=D
0013 sbrk
     SECTION=P
                 _sbrk
                                 000803de
     SECTION=D
     SECTION=B
     SECTION=R
0014 startup
     SECTION=P
                 _PowerON_Reset
                                 00080410 0015(000fe030:DVectTable)
                                          0015(000fe034:DVectTable)
                                          0015(000fe038:DVectTable)
                                          0015(000fe03c:DVectTable)
                                          0015(000fe040:DVectTable)
                                          0015(000fe044:DVectTable)
                                          0015(000fe048:DVectTable)
                                          0015(000fe04c:DVectTable)
                                          0015(000fe050:DVectTable)
                                          0015(000fe054:DVectTable)
                                          0015(000fe058:DVectTable)
                                          0015(000fe05c:DVectTable)
                                          0015(000fe060:DVectTable)
                                          0015(000fe064:DVectTable)
                                          0015(000fe068:DVectTable)
                                          0015(000fe06c:DVectTable)
                                          0015(000fe070:DVectTable)
                                          0015(000fe074:DVectTable)
                                          0015(000fe078:DVectTable)
                                          0015(000fe07c:DVectTable)
                                          0015(000fe080:DVectTable)
                                          0015(000fe084:DVectTable)
                                          0015(000fe088:DVectTable)
                                          0015(000fe08c:DVectTable)
                                          0015(000fe090:DVectTable)
                                          0015(000fe094:DVectTable)
                                          0015(000fe098:DVectTable)
                                          0015(000fe09c:DVectTable)
                                          0015(000fe0a4:DVectTable)
                                          0015(000fe0a8:DVectTable)
                                          0015(000fe0ac:DVectTable)
                                          0015(000fe0b0:DVectTable)
                                          0015(000fe0b4:DVectTable)
                                          0015(000fe0b8:DVectTable)
                                          0015(000fe0bc:DVectTable)
                                          0015(000fe0c4:DVectTable)
                                          0015(000fe0c8:DVectTable)
                                          0015(000fe0cc:DVectTable)
                                          0015(000fe0d0:DVectTable)
                                          0015(000fe0d4:DVectTable)
                                          0015(000fe0d8:DVectTable)
                                          0015(000fe0dc:DVectTable)
                                          0015(000fe0e0:DVectTable)
                                          0015(000fe0e4:DVectTable)
                                          0015(000fe0e8:DVectTable)
                                          0015(000fe0ec:DVectTable)
                                          0015(000fe0f0:DVectTable)
                                          0015(000fe0f4:DVectTable)
                                          0015(000fe0f8:DVectTable)
                                          0015(000fe0fc:DVectTable)
                                          0015(000fe100:DVectTable)
                                          0015(000fe104:DVectTable)
                                          0015(000fe108:DVectTable)
                                          0015(000fe10c:DVectTable)
                                          0015(000fe110:DVectTable)
                                          0015(000fe114:DVectTable)
                                          0015(000fe118:DVectTable)
                                          0015(000fe11c:DVectTable)
                                          0015(000fe120:DVectTable)
     SECTION=S
0015 VectTable
     SECTION=DVectTable
                 _IntVect
                                 000fe030
0016 mvn3
     SECTION=P
                 $MVN$3
                                 0008041e 0006(0008001d:P)
                                          0009(000801ab:P)
0017 spregld3
     SECTION=P
                 $sp_regld$3
                                 0008049e 0010(000802d3:P)
0018 spregsv3
     SECTION=P
                 $sp_regsv$3
                                 000804c0 0006(0008000b:P)
                                          0009(0008005d:P)
                                          0009(0008018f:P)
                                          0010(0008021f:P)
                                          0013(000803df:P)
0019 sprgld23
     SECTION=P
                 $spregld2$3
                                 000804e2 0006(00080055:P)
                                          0009(0008018b:P)
                                          0009(000801f5:P)
                                          0013(0008040d:P)
0020 _initsct
     SECTION=P
                 __INITSCT
                                 000804f8 0014(00080417:P)
     SECTION=C$BSEC
     SECTION=C$DSEC
